// Jest Snapshot v1, https://goo.gl/fbAQLP

exports[`CustomButton component renders correctly 1`] = `
<button
  className="custom-btn"
  name="action-btn"
  onClick={[Function]}
  type="button"
>
  Sie buton
</button>
`;
